// Jest Snapshot v1, https://goo.gl/fbAQLP

exports[`<ItemInCart /> should match its snapshot 1`] = `
<Fragment>
  <Connect(Notify)
    position="TopRight"
  />
  <div
    className="cart_block"
  >
    <img
      alt="Nike Sports Suit"
      className="item_image"
      src="https://res.cloudinary.com/so/image/upload/v1548246979/products/cba0707c66f3b196408f9bf6e92cc460--knt-nike.jpg"
    />
    <div
      className="item_title"
    >
      Nike Sports Suit
    </div>
    <div
      className="select_colors"
    >
      <span
        className="color"
        key="#171717"
        onClick={[Function]}
        onKeyDown={[Function]}
        role="button"
        style={
          Object {
            "backgroundColor": "#171717",
          }
        }
        tabIndex="0"
      >
        #171717
      </span>
    </div>
    <div
      className="select_sizes"
    >
      <a
        className="size"
        href="/"
        onClick={[Function]}
      >
        s
      </a>
      <span>
        -
      </span>
      <a
        className="size"
        href="/"
        onClick={[Function]}
      >
        m
      </a>
      <span>
        -
      </span>
      <a
        className="size"
        href="/"
        onClick={[Function]}
      >
        l
      </a>
      <span>
        -
      </span>
      <a
        className="size"
        href="/"
        onClick={[Function]}
      >
        xl
      </a>
    </div>
    <div>
      800$
    </div>
    <div>
      <div
        className="select_quantity"
      >
        <button
          data-type="increment"
          onClick={[Function]}
          type="button"
        >
          +
        </button>
        <button
          data-type="decrement"
          onClick={[Function]}
          type="button"
        >
          -
        </button>
      </div>
    </div>
    <button
      className="item_remove"
      data-type="remove-btn"
      onClick={[Function]}
      type="button"
    >
      <i
        className="far fa-trash-alt"
      />
    </button>
    <div
      className="item_total"
    >
      NaN$
    </div>
  </div>
</Fragment>
`;
