// Jest Snapshot v1, https://goo.gl/fbAQLP

exports[`<MaxItemDetails /> should match its snapshot 1`] = `
<Fragment>
  <img
    alt=""
    className="product-item--full__img-small"
    src="https://res.cloudinary.com/so/image/upload/v1548069002/products/reebok%20jacket/red.jpg"
  />
  <h4
    className="highlighted"
  >
    Reebok Track Jacket
  </h4>
  <div
    className="product-item--full__sizes"
  >
    sizes : s - m - l - xl
  </div>
  <div
    className="product-item--full__swatches"
  >
    <span
      key="#e63a43"
      onClick={[Function]}
      onKeyDown={[Function]}
      role="button"
      style={
        Object {
          "backgroundColor": "#e63a43",
        }
      }
      tabIndex="0"
    >
      #e63a43
    </span>
    <span
      key="#5556ef"
      onClick={[Function]}
      onKeyDown={[Function]}
      role="button"
      style={
        Object {
          "backgroundColor": "#5556ef",
        }
      }
      tabIndex="0"
    >
      #5556ef
    </span>
    <span
      key="#48d250"
      onClick={[Function]}
      onKeyDown={[Function]}
      role="button"
      style={
        Object {
          "backgroundColor": "#48d250",
        }
      }
      tabIndex="0"
    >
      #48d250
    </span>
    <span
      key="#a04ad6"
      onClick={[Function]}
      onKeyDown={[Function]}
      role="button"
      style={
        Object {
          "backgroundColor": "#a04ad6",
        }
      }
      tabIndex="0"
    >
      #a04ad6
    </span>
  </div>
  <hr
    className="separate"
  />
  <div
    className="social_buttons"
  >
    <button
      title="Share with others"
      type="button"
    >
      <i
        className="fas fa-share-alt"
      />
    </button>
    <button
      title="Add to shopping-cart"
      type="button"
    >
      <i
        className="fas fa-shopping-cart"
      />
    </button>
    <Flags
      authorizedFlags={
        Array [
          "showWishlist",
        ]
      }
      exactFlags={false}
      renderOff={[Function]}
      renderOn={[Function]}
    >
      <button
        className="btn-heart"
        disabled={false}
        onClick={[Function]}
        title="Add to wish-list"
        type="button"
      >
        <i
          className="fas fa-heart"
        />
      </button>
    </Flags>
  </div>
</Fragment>
`;
