// Jest Snapshot v1, https://goo.gl/fbAQLP

exports[`<ProductItem /> should match its snapshot 1`] = `
<div
  className="product-item product-item--full"
  onMouseEnter={[Function]}
  onMouseLeave={[Function]}
>
  <ViewFrontFull
    price={150}
    src="https://res.cloudinary.com/so/image/upload/v1548069124/products/cycling%20tshirt/blue.jpg"
    title="Columbia Cycling T-shirt"
  />
</div>
`;
