// Jest Snapshot v1, https://goo.gl/fbAQLP

exports[`<Carousel /> should match its snapshot 1`] = `
<div
  className="carousel__wrapper"
  style={
    Object {
      "overflowX": "hidden",
    }
  }
>
  <div
    className="carousel"
    style={
      Object {
        "transform": null,
      }
    }
  >
    <Component />
  </div>
  <button
    className="carousel__button carousel__button--prev"
    disabled={true}
    onClick={[Function]}
    type="button"
  >
    <i
      className="fas fa-angle-left"
    />
  </button>
  <button
    className="carousel__button carousel__button--next"
    disabled={false}
    onClick={[Function]}
    type="button"
  >
    <i
      className="fas fa-angle-right"
    />
  </button>
</div>
`;
