// Jest Snapshot v1, https://goo.gl/fbAQLP

exports[`<Slider /> should match its snapshot 1`] = `
<div
  className="slider-container"
>
  <div
    className="slider"
    onMouseEnter={[Function]}
    onMouseLeave={[Function]}
  >
    <SliderLeftArrow
      onClick={[Function]}
    />
    <ul
      className="slider__slides"
    />
    <SliderRightArrow
      onClick={[Function]}
    />
    <ul
      className="slider__indicators"
    />
  </div>
</div>
`;
